0 verbose cli /home/notuhao/.nvm/versions/node/v22.21.0/bin/node /home/notuhao/.nvm/versions/node/v22.21.0/bin/npm
1 info using npm@10.9.4
2 info using node@v22.21.0
3 silly config load:file:/home/notuhao/.nvm/versions/node/v22.21.0/lib/node_modules/npm/npmrc
4 silly config load:file:/home/notuhao/code/MahoShojo-ARENA-TRPG-Helper/.npmrc
5 silly config load:file:/home/notuhao/.npmrc
6 silly config load:file:/home/notuhao/.nvm/versions/node/v22.21.0/etc/npmrc
7 verbose title npm run lint
8 verbose argv "run" "lint"
9 verbose logfile logs-max:10 dir:/home/notuhao/code/MahoShojo-ARENA-TRPG-Helper/.npm-cache/_logs/2025-10-28T03_45_21_728Z-
10 verbose logfile /home/notuhao/code/MahoShojo-ARENA-TRPG-Helper/.npm-cache/_logs/2025-10-28T03_45_21_728Z-debug-0.log
11 silly logfile done cleaning log files
12 http fetch GET 200 https://registry.npmjs.org/npm 1021ms
13 verbose cwd /home/notuhao/code/MahoShojo-ARENA-TRPG-Helper
14 verbose os Linux 6.6.87.2-microsoft-standard-WSL2
15 verbose node v22.21.0
16 verbose npm  v10.9.4
17 notice
17 notice New major version of npm available! 10.9.4 -> 11.6.2
17 notice Changelog: https://github.com/npm/cli/releases/tag/v11.6.2
17 notice To update run: npm install -g npm@11.6.2
17 notice  { force: true, [Symbol(proc-log.meta)]: true }
18 verbose exit 0
19 info ok
